// Jest Snapshot v1, https://goo.gl/fbAQLP

exports[`card will match the Card Snapshot 1`] = `
ShallowWrapper {
  Symbol(enzyme.__root__): [Circular],
  Symbol(enzyme.__unrendered__): <InspirationCard
    cardEmoji="heart_eyes"
    cardId={1}
    cardText="dog"
    deleteCardCallback={[Function]}
  />,
  Symbol(enzyme.__renderer__): Object {
    "batchedUpdates": [Function],
    "getNode": [Function],
    "render": [Function],
    "simulateError": [Function],
    "simulateEvent": [Function],
    "unmount": [Function],
  },
  Symbol(enzyme.__node__): Object {
    "instance": null,
    "key": undefined,
    "nodeType": "host",
    "props": Object {
      "children": <section
        className="card__content"
      >
        <p
          className="card__content-text"
        >
          dog
        </p>
        <p
          className="card__content-emoji"
        >
          üòç
        </p>
        <button
          className="card__delete"
          onClick={[Function]}
          type="button"
        >
           Delete 
        </button>
      </section>,
      "className": "card",
    },
    "ref": null,
    "rendered": Object {
      "instance": null,
      "key": undefined,
      "nodeType": "host",
      "props": Object {
        "children": Array [
          <p
            className="card__content-text"
          >
            dog
          </p>,
          <p
            className="card__content-emoji"
          >
            üòç
          </p>,
          <button
            className="card__delete"
            onClick={[Function]}
            type="button"
          >
             Delete 
          </button>,
        ],
        "className": "card__content",
      },
      "ref": null,
      "rendered": Array [
        Object {
          "instance": null,
          "key": undefined,
          "nodeType": "host",
          "props": Object {
            "children": "dog",
            "className": "card__content-text",
          },
          "ref": null,
          "rendered": "dog",
          "type": "p",
        },
        Object {
          "instance": null,
          "key": undefined,
          "nodeType": "host",
          "props": Object {
            "children": "üòç",
            "className": "card__content-emoji",
          },
          "ref": null,
          "rendered": "üòç",
          "type": "p",
        },
        Object {
          "instance": null,
          "key": undefined,
          "nodeType": "host",
          "props": Object {
            "children": " Delete ",
            "className": "card__delete",
            "onClick": [Function],
            "type": "button",
          },
          "ref": null,
          "rendered": " Delete ",
          "type": "button",
        },
      ],
      "type": "section",
    },
    "type": "div",
  },
  Symbol(enzyme.__nodes__): Array [
    Object {
      "instance": null,
      "key": undefined,
      "nodeType": "host",
      "props": Object {
        "children": <section
          className="card__content"
        >
          <p
            className="card__content-text"
          >
            dog
          </p>
          <p
            className="card__content-emoji"
          >
            üòç
          </p>
          <button
            className="card__delete"
            onClick={[Function]}
            type="button"
          >
             Delete 
          </button>
        </section>,
        "className": "card",
      },
      "ref": null,
      "rendered": Object {
        "instance": null,
        "key": undefined,
        "nodeType": "host",
        "props": Object {
          "children": Array [
            <p
              className="card__content-text"
            >
              dog
            </p>,
            <p
              className="card__content-emoji"
            >
              üòç
            </p>,
            <button
              className="card__delete"
              onClick={[Function]}
              type="button"
            >
               Delete 
            </button>,
          ],
          "className": "card__content",
        },
        "ref": null,
        "rendered": Array [
          Object {
            "instance": null,
            "key": undefined,
            "nodeType": "host",
            "props": Object {
              "children": "dog",
              "className": "card__content-text",
            },
            "ref": null,
            "rendered": "dog",
            "type": "p",
          },
          Object {
            "instance": null,
            "key": undefined,
            "nodeType": "host",
            "props": Object {
              "children": "üòç",
              "className": "card__content-emoji",
            },
            "ref": null,
            "rendered": "üòç",
            "type": "p",
          },
          Object {
            "instance": null,
            "key": undefined,
            "nodeType": "host",
            "props": Object {
              "children": " Delete ",
              "className": "card__delete",
              "onClick": [Function],
              "type": "button",
            },
            "ref": null,
            "rendered": " Delete ",
            "type": "button",
          },
        ],
        "type": "section",
      },
      "type": "div",
    },
  ],
  Symbol(enzyme.__options__): Object {
    "adapter": ReactSixteenAdapter {
      "options": Object {
        "enableComponentDidUpdateOnSetState": true,
        "lifecycles": Object {
          "componentDidUpdate": Object {
            "onSetState": true,
          },
          "getDerivedStateFromProps": true,
          "getSnapshotBeforeUpdate": true,
          "setState": Object {
            "skipsComponentDidUpdateOnNullish": true,
          },
        },
      },
    },
  },
}
`;
